##########################################################################################################
#File: vmul_vvCase-2.txt
#Brief: Test Configuration VLEN=SEW,LMUL=8,VL=8 : spills of V[vd=0]
#Details: MUL v1:=[8:15] and v2[16:23] and stores result in vd:=[0:7], no inter-element carries
##########################################################################################################

#Input:

VS2:16
VS1:8
XLEN:64
SEW:32
LMUL:8
VD:0
VSTART:0
VLEN:32
VL:8
VM:1

V0	[55|55|55|55]
V1	[55|55|55|55]
V2	[55|55|55|55]
V3	[55|55|55|55]
V4	[55|55|55|55]
V5	[55|55|55|55]
V6	[55|55|55|55]
V7	[55|55|55|55]
V8	[ff|ff|ff|e0]
V9	[10|10|10|1a]
V10	[8b|0a|aa|08]
V11	[8f|fe|fd|0c]
V12	[18|14|31|10]
V13	[ee|dd|cc|ee]
V14	[80|00|00|ff]
V15	[ee|ee|ee|ee]
V16	[13|16|12|10]
V17	[ff|ff|fd|ff]
V18	[ff|ff|ff|dd]
V19	[10|1e|1e|10]
V20	[10|33|00|20]
V21	[ee|ee|ee|ee]
V22	[cc|cc|cc|c0]
V23	[13|17|1a|1f]
V24	[00|00|00|00]
V25	[00|00|00|00]
V26	[00|00|00|00]
V27	[00|00|00|00]
V28	[00|00|00|00]
V29	[00|00|00|00]
V30	[00|00|00|00]
V31	[00|00|00|00]

#Output:

V0  [9d|3d|be|00]
V1	[cf|cf|bb|e6]
V2	[fd|8a|c0|e8]
V3	[48|ff|38|c0]
V4	[c8|b6|22|00]
V5	[0f|fd|c9|44]
V6	[ff|ff|f3|40]
V7	[54|95|1a|d2]
V8	[ff|ff|ff|e0]
V9	[10|10|10|1a]
V10	[8b|0a|aa|08]
V11	[8f|fe|fd|0c]
V12	[18|14|31|10]
V13	[ee|dd|cc|ee]
V14	[80|00|00|ff]
V15	[ee|ee|ee|ee]
V16	[13|16|12|10]
V17	[ff|ff|fd|ff]
V18	[ff|ff|ff|dd]
V19	[10|1e|1e|10]
V20	[10|33|00|20]
V21	[ee|ee|ee|ee]
V22	[cc|cc|cc|c0]
V23	[13|17|1a|1f]
V24	[00|00|00|00]
V25	[00|00|00|00]
V26	[00|00|00|00]
V27	[00|00|00|00]
V28	[00|00|00|00]
V29	[00|00|00|00]
V30	[00|00|00|00]
V31	[00|00|00|00]

EXCEPTION:0
