##########################################################################################################
#File: vmulh_vvCase-1.txt
#Brief: Test Configuration VLEN=SEW,LMUL=8,VL=8 : spills of V[vd=0]
#Details: high MUL v1:=[8:15] and v2[16:23] and stores result in vd:=[0:7], no inter-element carries
##########################################################################################################

#Input:

VS2:16
VS1:8
XLEN:64
SEW:32
LMUL:8
VD:0
VSTART:0
VLEN:32
VL:8
VM:1

V0	[55|55|55|55]
V1	[55|55|55|55]
V2	[55|55|55|55]
V3	[55|55|55|55]
V4	[55|55|55|55]
V5	[55|55|55|55]
V6	[55|55|55|55]
V7	[55|55|55|55]
V8	[07|06|05|04]
V9	[17|06|05|04]
V10	[0b|0a|09|08]
V11	[0f|0e|0d|0c]
V12	[13|12|11|10]
V13	[17|16|15|14]
V14	[1b|1a|19|18]
V15	[1f|1e|1d|1c]
V16	[07|06|05|04]
V17	[11|06|05|04]
V18	[0b|0a|09|08]
V19	[0f|0e|0d|0a]
V20	[13|12|11|10]
V21	[17|16|15|12]
V22	[1b|1a|19|18]
V23	[11|06|05|04]
V24	[00|00|00|00]
V25	[00|00|00|00]
V26	[00|00|00|00]
V27	[00|00|00|00]
V28	[00|00|00|00]
V29	[00|00|00|00]
V30	[00|00|00|00]
V31	[00|00|00|00]

#Output:

V0  [00|31|54|6A]
V1	[01|87|f0|ec]
V2	[00|79|DD|2B]
V3	[00|E2|A6|4C]
V4	[01|6b|af|ce]
V5	[02|14|F9|B1]
V6	[02|DE|83|F4]
V7	[02|11|bb|3f]
V8	[07|06|05|04]
V9	[17|06|05|04]
V10	[0b|0a|09|08]
V11	[0f|0e|0d|0c]
V12	[13|12|11|10]
V13	[17|16|15|14]
V14	[1b|1a|19|18]
V15	[1f|1e|1d|1c]
V16	[07|06|05|04]
V17	[11|06|05|04]
V18	[0b|0a|09|08]
V19	[0f|0e|0d|0a]
V20	[13|12|11|10]
V21	[17|16|15|12]
V22	[1b|1a|19|18]
V23	[11|06|05|04]
V24	[00|00|00|00]
V25	[00|00|00|00]
V26	[00|00|00|00]
V27	[00|00|00|00]
V28	[00|00|00|00]
V29	[00|00|00|00]
V30	[00|00|00|00]
V31	[00|00|00|00]

EXCEPTION:0
