##########################################################################################################
#File: vmulhsu_vvCase-0.txt
#Brief: Test Configuration VLEN=SEW,LMUL=8,VL=8 : spills of V[vd=0]
#Details: high signed vs2*unsigned vs1 MUL v1:=[8:15] and v2[16:23] and stores result in vd:=[0:7], no inter-element carries
##########################################################################################################

#Input:

VS2:16
VS1:8
XLEN:64
SEW:32
LMUL:8
VD:0
VSTART:0
VLEN:32
VL:8
VM:1

V0	[55|55|55|55]
V1	[55|55|55|55]
V2	[55|55|55|55]
V3	[55|55|55|55]
V4	[55|55|55|55]
V5	[55|55|55|55]
V6	[55|55|55|55]
V7	[55|55|55|55]
V8	[ff|ff|ff|ff]
V9	[10|10|10|10]
V10	[8b|0a|09|08]
V11	[8f|0e|0d|0c]
V12	[13|12|11|10]
V13	[ee|ee|ee|ee]
V14	[1b|1a|19|18]
V15	[ee|ee|ee|ee]
V16	[10|10|10|10]
V17	[ff|ff|ff|ff]
V18	[ff|ff|ff|df]
V19	[10|10|10|10]
V20	[10|00|00|00]
V21	[ee|ee|ee|ee]
V22	[10|00|00|00]
V23	[10|10|10|10]
V24	[00|00|00|00]
V25	[00|00|00|00]
V26	[00|00|00|00]
V27	[00|00|00|00]
V28	[00|00|00|00]
V29	[00|00|00|00]
V30	[00|00|00|00]
V31	[00|00|00|00]

#Output:

V0  [10|10|10|0f]
V1	[ff|ff|ff|ff]
V2	[ff|ff|ff|ee]
V3	[08|f9|da|ab]
V4	[01|31|21|11]
V5	[f0|12|34|55]
V6	[01|b1|a1|91]
V7	[0e|fd|ec|db]
V8	[ff|ff|ff|ff]
V9	[10|10|10|10]
V10	[8b|0a|09|08]
V11	[8f|0e|0d|0c]
V12	[13|12|11|10]
V13	[ee|ee|ee|ee]
V14	[1b|1a|19|18]
V15	[ee|ee|ee|ee]
V16	[10|10|10|10]
V17	[ff|ff|ff|ff]
V18	[ff|ff|ff|df]
V19	[10|10|10|10]
V20	[10|00|00|00]
V21	[ee|ee|ee|ee]
V22	[10|00|00|00]
V23	[10|10|10|10]
V24	[00|00|00|00]
V25	[00|00|00|00]
V26	[00|00|00|00]
V27	[00|00|00|00]
V28	[00|00|00|00]
V29	[00|00|00|00]
V30	[00|00|00|00]
V31	[00|00|00|00]

EXCEPTION:0
